扩容分区和文件系统（Linux）：https://help.aliyun.com/zh/ecs/user-guide/extend-the-partitions-and-file-systems-of-disks-on-a-linux-instance?spm=a2c4g.11186623.0.i11#de3365e1d4led



主要的几个命令如下，具体看上面的文档

```
type growpart || sudo yum install -y cloud-utils-growpart
sudo yum update cloud-utils-growpart
sudo LC_ALL=en_US.UTF-8 growpart /dev/vda 1
sudo resize2fs /dev/vda1
```

**Linux实例云盘，已分区，将扩容部分的容量划分至已有分区**：需要扩容分区和文件系统。

先扩容分区，在扩容文件系统

```
[root@iZwz9az0f9asi9u4u16sk6Z ~]# fdisk -l

Disk /dev/vda: 536.9 GB, 536870912000 bytes, 1048576000 sectors
Units = sectors of 1 * 512 = 512 bytes
Sector size (logical/physical): 512 bytes / 512 bytes
I/O size (minimum/optimal): 512 bytes / 512 bytes
Disk label type: dos
Disk identifier: 0x000bcf12

   Device Boot      Start         End      Blocks   Id  System
/dev/vda1   *        2048    83886046    41941999+  83  Linux
[root@iZwz9az0f9asi9u4u16sk6Z ~]# 
[root@iZwz9az0f9asi9u4u16sk6Z ~]# 
[root@iZwz9az0f9asi9u4u16sk6Z ~]# 
[root@iZwz9az0f9asi9u4u16sk6Z ~]# df -h
Filesystem      Size  Used Avail Use% Mounted on
devtmpfs        3.7G     0  3.7G   0% /dev
tmpfs           3.7G     0  3.7G   0% /dev/shm
tmpfs           3.7G  444K  3.7G   1% /run
tmpfs           3.7G     0  3.7G   0% /sys/fs/cgroup
/dev/vda1        40G   38G     0 100% /
tmpfs           756M     0  756M   0% /run/user/0
[root@iZwz9az0f9asi9u4u16sk6Z ~]# df -h
Filesystem      Size  Used Avail Use% Mounted on
devtmpfs        3.7G     0  3.7G   0% /dev
tmpfs           3.7G     0  3.7G   0% /dev/shm
tmpfs           3.7G  444K  3.7G   1% /run
tmpfs           3.7G     0  3.7G   0% /sys/fs/cgroup
/dev/vda1        40G   38G     0 100% /
tmpfs           756M     0  756M   0% /run/user/0
[root@iZwz9az0f9asi9u4u16sk6Z ~]# 
[root@iZwz9az0f9asi9u4u16sk6Z ~]# fdisk -l

Disk /dev/vda: 536.9 GB, 536870912000 bytes, 1048576000 sectors
Units = sectors of 1 * 512 = 512 bytes
Sector size (logical/physical): 512 bytes / 512 bytes
I/O size (minimum/optimal): 512 bytes / 512 bytes
Disk label type: dos
Disk identifier: 0x000bcf12

   Device Boot      Start         End      Blocks   Id  System
/dev/vda1   *        2048    83886046    41941999+  83  Linux
[root@iZwz9az0f9asi9u4u16sk6Z ~]# 
[root@iZwz9az0f9asi9u4u16sk6Z ~]# df -h
Filesystem      Size  Used Avail Use% Mounted on
devtmpfs        3.7G     0  3.7G   0% /dev
tmpfs           3.7G     0  3.7G   0% /dev/shm
tmpfs           3.7G  444K  3.7G   1% /run
tmpfs           3.7G     0  3.7G   0% /sys/fs/cgroup
/dev/vda1        40G   38G     0 100% /
tmpfs           756M     0  756M   0% /run/user/0
[root@iZwz9az0f9asi9u4u16sk6Z ~]# df -h
Filesystem      Size  Used Avail Use% Mounted on
devtmpfs        3.7G     0  3.7G   0% /dev
tmpfs           3.7G     0  3.7G   0% /dev/shm
tmpfs           3.7G  444K  3.7G   1% /run
tmpfs           3.7G     0  3.7G   0% /sys/fs/cgroup
/dev/vda1        40G   38G     0 100% /
tmpfs           756M     0  756M   0% /run/user/0
[root@iZwz9az0f9asi9u4u16sk6Z ~]# 
[root@iZwz9az0f9asi9u4u16sk6Z ~]# sudo fdisk -lu

Disk /dev/vda: 536.9 GB, 536870912000 bytes, 1048576000 sectors
Units = sectors of 1 * 512 = 512 bytes
Sector size (logical/physical): 512 bytes / 512 bytes
I/O size (minimum/optimal): 512 bytes / 512 bytes
Disk label type: dos
Disk identifier: 0x000bcf12

   Device Boot      Start         End      Blocks   Id  System
/dev/vda1   *        2048    83886046    41941999+  83  Linux
[root@iZwz9az0f9asi9u4u16sk6Z ~]# 
[root@iZwz9az0f9asi9u4u16sk6Z ~]# 
[root@iZwz9az0f9asi9u4u16sk6Z ~]# df -Th
Filesystem     Type      Size  Used Avail Use% Mounted on
devtmpfs       devtmpfs  3.7G     0  3.7G   0% /dev
tmpfs          tmpfs     3.7G     0  3.7G   0% /dev/shm
tmpfs          tmpfs     3.7G  444K  3.7G   1% /run
tmpfs          tmpfs     3.7G     0  3.7G   0% /sys/fs/cgroup
/dev/vda1      ext4       40G   38G     0 100% /
tmpfs          tmpfs     756M     0  756M   0% /run/user/0
[root@iZwz9az0f9asi9u4u16sk6Z ~]# 
[root@iZwz9az0f9asi9u4u16sk6Z ~]# type growpart || sudo yum install -y cloud-utils-growpart
growpart is /usr/bin/growpart
[root@iZwz9az0f9asi9u4u16sk6Z ~]# sudo LC_ALL=en_US.UTF-8 growpart /dev/vda 1
CHANGED: partition=1 start=2048 old: size=83883999 end=83886047 new: size=1048573919 end=1048575967
[root@iZwz9az0f9asi9u4u16sk6Z ~]# 
[root@iZwz9az0f9asi9u4u16sk6Z ~]# df -Th
Filesystem     Type      Size  Used Avail Use% Mounted on
devtmpfs       devtmpfs  3.7G     0  3.7G   0% /dev
tmpfs          tmpfs     3.7G     0  3.7G   0% /dev/shm
tmpfs          tmpfs     3.7G  444K  3.7G   1% /run
tmpfs          tmpfs     3.7G     0  3.7G   0% /sys/fs/cgroup
/dev/vda1      ext4       40G   38G     0 100% /
tmpfs          tmpfs     756M     0  756M   0% /run/user/0
[root@iZwz9az0f9asi9u4u16sk6Z ~]# sudo resize2fs /dev/
Display all 144 possibilities? (y or n)
[root@iZwz9az0f9asi9u4u16sk6Z ~]# sudo resize2fs /dev/vda1
resize2fs 1.42.9 (28-Dec-2013)
Filesystem at /dev/vda1 is mounted on /; on-line resizing required
old_desc_blocks = 3, new_desc_blocks = 32
The filesystem on /dev/vda1 is now 131071739 blocks long.

[root@iZwz9az0f9asi9u4u16sk6Z ~]# df -Th
Filesystem     Type      Size  Used Avail Use% Mounted on
devtmpfs       devtmpfs  3.7G     0  3.7G   0% /dev
tmpfs          tmpfs     3.7G     0  3.7G   0% /dev/shm
tmpfs          tmpfs     3.7G  444K  3.7G   1% /run
tmpfs          tmpfs     3.7G     0  3.7G   0% /sys/fs/cgroup
/dev/vda1      ext4      493G   38G  435G   8% /
tmpfs          tmpfs     756M     0  756M   0% /run/user/0
```

